系统内核支持 UBI 和 UBIFS 文件系统

```
zhaiduting@RT-BE88U-E830:/tmp/mnt/defaults# cat /proc/filesystems | grep ubifs
nodev ubifs
```

从  `ubinfo`  的输出中可以看到，系统中已经存在一个 UBI 设备  `ubi0`

```
zhaiduting@RT-BE88U-E830:/tmp/mnt/defaults# ubinfo
UBI version:                    1
Count of UBI devices:           1
UBI control device major/minor: 10:59
Present UBI devices:            ubi0
```

从  `ubinfo /dev/ubi0`  的输出中可以看到，`ubi0`  设备总大小为  245.0 MiB，可用空间 17.1MiB，已经存在 9 个卷（卷编号为 1, 2, 3, 4, 5, 6, 10, 11, 13）

```
zhaiduting@RT-BE88U-E830:/tmp/mnt/defaults# ubinfo /dev/ubi0
ubi0
Volumes count: 9
Logical eraseblock size: 126976 bytes, 124.0 KiB
Total amount of logical eraseblocks: 2024 (256999424 bytes, 245.0 MiB)
Amount of available logical eraseblocks: 142 (18030592 bytes, 17.1 MiB)
Maximum count of volumes 128
Count of bad physical eraseblocks: 0
Count of reserved physical eraseblocks: 40
Current maximum erase counter value: 1018
Minimum input/output unit size: 2048 bytes
Character device major/minor: 246:0
Present volumes: 1, 2, 3, 4, 5, 6, 10, 11, 13
```

---

U 盘是 `/dev/sda`，其中有两个分区：
`/dev/sda1` 是一个 NTFS 分区。
`/dev/sda2` 是一个隐藏的 Win95 FAT32 分区。

```
zhaiduting@RT-BE88U-E830:/tmp/mnt/defaults# fdisk -l

Disk /dev/ubiblock0_4: 62 MB, 62472192 bytes
1 heads, 160 sectors/track, 762 cylinders
Units = cylinders of 160 * 512 = 81920 bytes

Disk /dev/ubiblock0_4 doesn't contain a valid partition table

Disk /dev/sda: 15.4 GB, 15493758976 bytes
255 heads, 63 sectors/track, 1883 cylinders
Units = cylinders of 16065 * 512 = 8225280 bytes

   Device Boot      Start         End      Blocks  Id System
/dev/sda1   *         104        1827    13842432   7 HPFS/NTFS
/dev/sda2            1827        1884      458751+ 1b Hidden Win95 FAT32

```

---

从 `mount` 输出来看，`/dev/sda1` 已经成功挂载在 `/tmp/mnt/_________U___` 目录下，并且使用的是 `tntfs` 文件系统（可能是个拼写错误，应该是 `ntfs`）。你可以通过访问这个目录来查看 U 盘中的文件。

```
zhaiduting@RT-BE88U-E830:/tmp/mnt/defaults# mount
/dev/root on / type squashfs (ro,relatime)
devtmpfs on /dev type devtmpfs (rw,relatime,size=828848k,nr_inodes=207212,mode=755)
ubi:data on /data type ubifs (rw,relatime,assert=read-only,ubi=0,vol=10)
proc on /proc type proc (rw,relatime)
tmpfs on /var type tmpfs (rw,relatime)
tmpfs on /tmp/mnt type tmpfs (rw,relatime,size=128k,mode=755)
sysfs on /sys type sysfs (rw,relatime)
debugfs on /sys/kernel/debug type debugfs (rw,relatime)
devpts on /dev/pts type devpts (rw,relatime,mode=600,ptmxmode=000)
ubi:defaults on /tmp/mnt/defaults type ubifs (rw,relatime,assert=read-only,ubi=0,vol=11)
ubi:jffs2 on /jffs type ubifs (rw,relatime,assert=read-only,ubi=0,vol=13)
tmpfs on /tmp/mnt type tmpfs (rw,relatime,size=128k,mode=755)
ubi:defaults on /tmp/mnt/defaults type ubifs (rw,relatime,assert=read-only,ubi=0,vol=11)
tmpfs on /tmp type tmpfs (rw,relatime)
devpts on /dev/pts type devpts (rw,relatime,mode=600,ptmxmode=000)
/dev/sda1 on /tmp/mnt/_________U___ type tntfs (rw,nodev,relatime,uid=0,gid=0,umask=00,allow_utime=0022,utf8,min_prealloc_size=64k,max_prealloc_size=13842428,readahead=1M,user_xattr,case_sensitive,fail_safe,hidden=show,dotfile=show,protected_system=show,errors=continue,mft_zone_multiplier=1)
zhaiduting@RT-BE88U-E830:/tmp/mnt/defaults#
zhaiduting@RT-BE88U-E830:/tmp/mnt/defaults# ls /tmp/mnt/_________U___
DND                        System Volume Information  ☆
FSCapture                  ☆ pwd
```

从输出中可以看到，U 盘的 Linux 分区是 `/dev/sdb3`，而分区 `/dev/sdb1` 和 `/dev/sdb2` 分别是 NTFS 和 FAT32 格式的。

```
zhaiduting@RT-BE88U-E830:/tmp/mnt/defaults# fdisk -l

Disk /dev/ubiblock0_4: 62 MB, 62472192 bytes
1 heads, 160 sectors/track, 762 cylinders
Units = cylinders of 160 * 512 = 81920 bytes

Disk /dev/ubiblock0_4 doesn't contain a valid partition table

Disk /dev/sdb: 15.4 GB, 15493758976 bytes
255 heads, 63 sectors/track, 1883 cylinders
Units = cylinders of 16065 * 512 = 8225280 bytes

   Device Boot      Start         End      Blocks  Id System
/dev/sdb1   *         104        1827    13842432   7 HPFS/NTFS
/dev/sdb2            1827        1884      458751+ 1b Hidden Win95 FAT32
/dev/sdb3               1         103      827316  83 Linux

Partition table entries are not in disk order

```
